Wo, Wo, Ww^Wkf, Ds, Ds^Ewsh, Gs, Gs^Ft, Gs^Ft, Hh^Ft, Gs^Ft, Rd, Gd^Efm, Gd^Efm, Gd^Efm, Re, Re, Gd, Gd, Ds, Ds, Dd, Gs^Qhh, Re^Qhh, Hh^Qhh, Gd^Qhh, Hh, Hh, Gg, Gs^Fms, Gs^Fp, Gs^Ftp, Ss, Ww^Wkf, Ss, Ss, Ss, Sm, Ss, Ss, Ss
Wo, Wo, 1 Ds, Ds^Ewsh, Gs^Efm, Gs, Gs^Ft, Hh^Ft, Hh^Ft, Hh^Ft, Re, Re, Re, Re, Gs^Efm, Gd, Gd, Gd^Efm, Gd, Dd^Ewsh, Ds^Edpp, Gd, Gd^Qhh, Re^Qhh, Gd^Qhh, Hhd, Re, Gs^Fp, Ss^Fms, Gs^Ft, Gs^Fms, Gs^Ftp, Ss, Ss^Em, Rb^Em, Ss, Sm, Ss^Em, Ss^Em, Ss
Ww, Ww^Wkf, Ds, Gg, Cer, Gs^Ft, Rd^Edb, Rd, Rr, Rr, Gs^Edb, Gs^Edb, Gs, Gs, Gd, Hhd, Ds, Gs, Gd^Es, Gd, Ds, Gd, Gd^Efm, Re, Re, Hhd, Hhd, Hh, Gs, Gs^Fms, Gs^Ftp, Ss, Ww^Ewl, Ss, Ww^Wkf, Ss^Em, Ss, Sm^Em, Ss, Ss
Ww, Ds, Gs^Efm, Cer, Ker, Cer^Edt, Rr, Rr^Edb, Re^Vht, Rr, Re, Hh^Fts, Gll^Fts, Gll^Fts, Gd^Es, Dd, Ds, Gg^Efm, Gd, Gs^Es, Gs, Gd^Qhh, Gd^Qhh, Gd, Hhd, Re, Re^Dr, Md, Hh^Ft, Ss^Ft, Ss^Ftp, Ss, Ww, Ss, Rp, Sm, Ss^Em, Ss, Sm, Ww^Ewf
Ds, Ds^Ewsh, Gll^Fts, Cer^Edb, Cer, Cer^Edb, Rr, Gs, Gs^Gvs, Gs, Gll^Fts, Rr, Rr, Gg, Gg^Em, Gd^Es, Ds^Esd, Dd^Edpp, Hhd, Gs, Gd, Gg^Qhh, Gs^Fms, Gd, Hh^Es, Hh, Md, Hhd, Hh^Fds, Md, Md, Ss, Gs^Ftp, Gs^Ftp, Ss, Rp, Ss, Ww^Ewf, Sm^Em, Ww^Wkf
Hh, Gll^Fts, Gll^Fts, Rd^Edb, Rr^Edb, Gs^Efm, Rr, Re^Vht, Gs, Gs^Gvs, Hh^Fts, Gll^Fts, Gd, Re, Re, Hhd, Gs^Es, Ds, Gd, Dd, Ds, Gs^Fms, Gs^Fms, Hhd, Hh^Fds, Md^Fds, Md, Md, Hh, Mm, Mm, Ww^Wkf, Ss, Gs^Ftp, Ww^Wkf, Ww^Bw|r, Ss, Ss, Sm^Em, Ss
Hh, Hh^Ft, Gs^Gvs, Gs^Efm, Rr^Edb, Gs^Ebn, Rr, Gg, Gs, Hh^Fts, Gd^Fts, Gs, Gd, Ds^Edpp, Rr, Hh, Gg, Gd, Gd, Ds, Gd, Gd, Gg^Efm, Hh, Ww^Ewl, Wo^Wkf, Wwrt, Ww^Wkf, Gg, Hh^Fds, Gg^Fds, Mm, Hh^Es, Gs^Ftp, Ww^Bw/, Rp, Ss, Ss^Em, Ww^Ewf, Sm
Gs^Eff, Gll^Fts, Rr^Vht, Gs^Gvs, Rr, Rr, Gg^Em, Gg, Gll^Fts, Gs, Gs, Gs^Efm, Ds, Dd, Re, Gg, Re, Gd^Fts, Gg, Gg, Gg^Efm, Gs^Fms, Gg, Ww^Ewf, Gs^Fms, Ww^Wkf, Gg, Ww^Bw/r, Hh^Fds, Hh^Fds, Mm, Hh, Mm, Rp, Gs^Es, Ww^Ewf, Ss, Sm, Sm^Em, Ss
Gs^Eff, Gs^Eff, Gs, Rr, Gs^Edb, Rr, Gs^Wm, Hh^Fts, Gll^Fts, Ds, Gs^Efm, Gd, Ds, Hhd, Gd^Fts, Re, Ds, Re, Rr, Re, Re, Hh, Re, Ww^Ewf, Wo^Bw/r, Gg, Wo, Ww^Wkf, Hh^Fds, Mm^Fds, Mm, Mm, Hhd, Mm, Gg, Ss^Em, Sm, Ww^Wkf, Ss, Ss
Gg, Gg, Rr, Re, Gs, Rr, Gs, Gs, Gs, Gs^Es, Gd, Gd, Hhd, Hhd, Re, Re, Gd, Gd, Gd^Fts, Hhd, Gs^Em, Re, Rr, Ww^Bw/r, Wwrt, Ww^Wkf, Hhd, Hh, Hh^Vhhr, Hh^Fds, Gs^Fp, Hh^Fds, Gd, Gll^Es, Gll^Es, Ss, Ss, Ss^Em, Gs^Ftp, Gs^Fp
Rr, Re, Gll^Ft, Gll^Ft, Re^Efm, Re, Gs, Gll^Fts, Gs, Gg, Gd, Ds, Gd, Gd, Re^Vht, Ds, Gd^Gvs, Ds^Esd, Ds, Dd, Gd^Gvs, Gs^Efm, Rr^Vhr, Rr, Rr, Ww, Hh^Ebn, Hh, Hh, Hh, Gs^Fp, Gs^Fp, Gll^Es, Gg, Gg^Es, Gs^Fms, Gs^Fms, Ss, Gll, Gs^Fp
Re, Re, Gll^Ft, Re^Vht, Gs, Gg, Gs, Gs^Efm, Gs, Gs, Gg, Ds, Gd^Es, Ds, Re, Gd, Hhd, Dd, Dd, Ds^Edpp, Ww, Dd, Gd, Gg, Hh, Ww^Bw\r, Rr, Gs^Fp, Gs^Fp, Re, Gg^Em, Gd, Re, Re, Rr, Gs^Fp, Re, Gll^Fp, Gg^Efm, Hh
Gs^Ft, Gll^Ft, Gll^Ft, Gs, Ss, Hh^Ft, Gs, Gs^Efm, Gs, Gd, Gg, Gd^Fts, Gs, Gd, Re, Gd, Gd, Ds, Dd, Ww^Wkf, Ww^Ewf, Gd, Gs, Gg, Ww^Ewf, Ww, Rr^Vhr, Rr, Re, Re, Rr, Rr, Re, Gg^Gvs, Gg^Gvs, Re, Gs^Fms, Re, Re, Re
Dd, Ds, Gs^Ft, Ss^Em, Gll^Ft, Gll^Ft, Gg, Gg, Gg, Gg^Es, Gs^Es, Gg, Gg, Gll^Fts, Gll^Ft, Re, Re, Ds^Edpp, Ds, Dd, Ds, Gd, Gd^Es, Gg^Efm, Gg^Efm, Wo, Gll^Em, Gg^Es, Hh, Gs, Gg^Es, Ce, Re^Eff, Re^Eff, Re^Eff, Gs^Fp, Gs^Fp, Hh, Gg^Em, Gg
Ss, Ds, Ss, Ss, Gll^Ft, Ss, Ww^Wkf, Ds, Ds, Gd^Es, Rb, Ds, Dd, Gll^Ft, Ds^Edpp, Gll^Fts, Re, Gd, Gd, Hhd, Hh, Gs, Gs, Gs, Ket, Ww^Wkf, Gd^Es, Gs, Gs^Fms, Gs^Fp, Rr, Re, Gs^Fms, Re^Eff, Gg, Ket, Gg, Gs^Es, Gs^Fp, Hh
Wo, Ss, Ss, Ds^Ewsh, Dd, Ds, Ww^Bw|r, Ww^Ewl, Ww, Ww^Wkf, Wwrt, Ds^Ewsh, Ww, Ds, Dd^Edpp, Gll^Ft, Gs^Fts, Re^Es, Gs^Es, Gs^Efm, Hh, Ds, Gg, Gd, Ce, Ce, Ww^Ewf, Gd, Hh^Fp, Gs^Fms, Rr, Hh^Fms, Gg^Efm, Gg^Qhh, Hh^Qhh, Rr, Gs^Qhh, Hh, Gll^Fms, Hh
Ww, Ww^Ewl, Wo, Wo^Wkf, Ww, Ww, Wwrt, Ww^Wkf, Wo^Wkf, Wo, Ww, Ww^Wkf, Ds^Edpp, Ds, Gg^Efm, Gs^Ft, Re^Vht, Re, Gs, Gll^Fts, Gs^Ft, Gg, Gs, Gd^Es, Gd^Es, Gs, Ds, Gg, Gg^Efm, Gg, Re, Rr, Rr, Gs^Qhh, Ce, Re^Qhh, Hh^Qhh, Gs^Fms, Gs^Fms, Hh
Ss, Ww^Wkf, Ss, Wwrt, Chw, Chw^Ewl, Chw, Wo^Wkf, Wwrt, Dd, Ds^Ewsh, Ww^Ewl, Ds, Ds, Gg, Re, Ds^Edpp, Ds, Gs^Edpp, Hh^Fts, Gll^Fts, Gg, Gs^Fp, Gll^Fp, Gs^Fp, Ss, Gg, Gg, Re^Eff, Re^Eff, Gg^Eff, Gs^Vhr, Gs^Qhh, Ce^Edt, 2 Ke, Ce^Edt, Gs^Fds, Gs^Qhh, Gll^Qhh, Gs^Qhh
Ss, Ss, Gs^Fts, Sm, Sm, 3 Khw, Ww^Bw|r, Ww, Ww, Wo, Ww^Ewf, Dd, Gs^Ft, Ss, Gd, Gd, Gll^Ft, Ds, Gg^Es, Gg, Gg^Efm, Gg, Hh^Fp, Gs^Fms, Gs, Ss, Ss^Em, Gs^Fds, Gg, Re^Eff, Gs^Fds, Hh^Efm, Hh^Fp, Ce^Edt, Ce^Edt, Ce, Gs^Qhh, Gll^Fms, Gs^Es, Gs
Ss, Gs^Ft, Ds^Es, Ds^Es, Ss^Em, Ww^Ewf, Ss^Vhs, Sm, Ww^Ewl, Wo^Vm, Wo^Wkf, Ds^Es, Gs^Ft, Ss, Gs^Ft, Gg, Gg, Gs^Fts, Gg^Efm, Gs^Fms, Gg^Es, Gg, Hh^Fms, Gll^Fms, Gs^Fp, Ww^Ewf, Gs^Fp, Gs^Fds, Gg, Gll^Fms, Hh, Hh, Gs^Fms, Hh^Edt, Rr, Hh^Edt, Hh, Gs^Qhh, Hh, Hh^Es
Ds, Dd, Ds, Ss^Efm, Ww^Ewf, Ss^Em, Ss, Ss, Ss, Ww^Wkf, Ww^Wkf, Wwrt, Ww, Ss, Gs^Ft, Gs^Fts, Gg^Em, Gg, Gg^Qhu, Gg^Qhu, Hh^Fp, Gll^Fp, Gs^Fms, Gs^Fms, Gll^Fp, Ss, Hh^Fms, Ds, Gd, Gs^Fms, Hh^Fp, Gs^Fms, Gs^Fms, Gs, Re, Hh^Efm, Hh^Fp, Hh^Fp, Gs^Qhh, Gs^Fp
Gs^Ft, Gs^Fts, Dd, Ss, Ss^Efm, Sm, Ss, Ww^Ewl, Ss^Em, Ds^Ewsh, Dd, Wo, Ww^Ewl, Gs^Ft, Gs^Ft, Gs^Ft, Gs^Fts, Gs^Fms, Gg^Qhu, Gs^Qhu, Gll^Fp, Gs^Fms, Gs^Fms, Gll^Fp, Ss, Rb, Gs^Fp, Gd^Es, Hh, Hh, Gs^Fms, Hh, Gs, Hh^Fp, Hh^Fp, Rr, Gs^Fp, Gs^Fms, Gs^Qhh, Gs^Qhh
Ds, Gs^Ft, Gs^Ft, Ds, Ds, Ww^Ewf, Ww^Ewf, Ss, Ss, Ww^Ewl, Ss, Wo, Ww, Ww^Ewl, Ss, Ss, Gs^Ft, Gs^Ft, Gs^Qhu, Gd^Qhu, Gs^Fp, Gs^Fp, Ss, Ss, Ss, Ss, Gg, Gs, Hh, Gs^Fp, Gs^Fp, Gs^Fp, Hh^Fp, Hh^Fp, Gs, Re, Gs^Fp, Gs^Fms, Gs^Fp, Gs^Fp
